{
    "version": "1.1.0",
    "plugins_used": [
        {
            "name": "Base64HighEntropyString",
            "base64_limit": 4.5
        },
        {
            "name": "HexHighEntropyString",
            "hex_limit": 3.0
        },
        {
            "name": "PrivateKeyDetector"
        },
        {
            "name": "KeywordDetector",
            "keyword_exclude": []
        }
    ],
    "filters_used": [],
    "results": [],
    "generated_at": "2024-07-29T00:00:00Z"
}
